// Jest Snapshot v1, https://goo.gl/fbAQLP

exports[`testing Main component should render correctly 1`] = `
<main>
  <h1>
    React Avan√ßado
  </h1>
</main>
`
